// Jest Snapshot v1, https://goo.gl/fbAQLP

exports[`About Unit Tests simple test 1`] = `
<Component>
  <div>
    <b>
      Terms of Use and Consent Form
    </b>
    <p>
      Click 
      <a
        href="/terms"
      >
        here
      </a>
       for the terms of use.
      <br />
      Click 
      <a
        href="/consent"
      >
        here
      </a>
       for the consent form.
    </p>
    <b>
      Use of Open Source
    </b>
    <p>
      Click 
      <a
        href="/dist/licenses.txt"
      >
        here
      </a>
       for a list of open source used in the application.
    </p>
  </div>
</Component>
`;
